@relation FilterTest-weka.filters.unsupervised.instance.RemoveRange-Rfirst-last

@attribute StringAtt1 string
@attribute NominalAtt1 {r,g,b}
@attribute NumericAtt1 numeric
@attribute StringAtt2 string
@attribute NominalAtt2 {a,b,c,d}
@attribute NumericAtt2 numeric
@attribute DateAtt1 date yyyy-MM-dd

@data

