

=== Attribute Selection on all input data ===

Search Method:
	Attribute ranking.

Attribute Evaluator (supervised, Class (nominal): 5 Class):
	Chi-squared Ranking Filter

Ranked attributes:
20      3 Numeric1
20      1 Nominal1
 9.377  2 Nominal2
 0      4 Date1

Selected attributes: 3,1,2,4 : 4

