

=== Attribute Selection on all input data ===

Search Method:
	Best first.
	Start set: no attributes
	Search direction: forward
	Stale search after 5 node expansions
	Total number of subsets evaluated: 13
	Merit of best subset found:    1    

Attribute Subset Evaluator (supervised, Class (nominal): 5 Class):
Filtered Attribute Evaluator
Filter: weka.filters.supervised.instance.SpreadSubsample -M 0.0 -X 0.0 -S 1
Attribute evaluator: weka.attributeSelection.CfsSubsetEval 

Filtered header:
@relation Testdata-weka.filters.supervised.instance.SpreadSubsample-M0.0-X0.0-S1

@attribute Nominal1 {att1val1,att1val2}
@attribute Nominal2 {att2val1,att2val2}
@attribute Numeric1 numeric
@attribute Date1 date yyyy-mm-dd
@attribute Class {class1,class2}

@data


Selected attributes: 1 : 1
                     Nominal1

