

=== Attribute Selection on all input data ===

Search Method:
	Greedy Stepwise (forwards).
	Start set: no attributes
	Merit of best subset found:    0    

Attribute Subset Evaluator (supervised, Class (nominal): 5 Class):
	Wrapper Subset Evaluator
	Learning scheme: weka.classifiers.trees.J48
	Scheme options: -C 0.25 -M 2             
	Subset evaluation: classification error
	Number of folds for accuracy estimation: 5

Selected attributes: 1 : 1
                     Nominal1

