@relation 'FilterTest-weka.filters.unsupervised.attribute.AddUserFields-Adouglas@numeric@42-AnomAtt@nominal@aValue-AaDate@date:yyy-MM-dd@2012-07-09-AvarTest@nominal@${NOM}'

@attribute StringAtt1 string
@attribute NominalAtt1 {r,g,b}
@attribute NumericAtt1 numeric
@attribute StringAtt2 string
@attribute NominalAtt2 {a,b,c,d}
@attribute NumericAtt2 numeric
@attribute DateAtt1 date yyyy-MM-dd
@attribute douglas numeric
@attribute nomAtt {aValue}
@attribute aDate date yyy-MM-dd
@attribute varTest {aNomValue}

@data
humpty,g,1,the,a,-2.3,2001-04-03,42,aValue,12-07-09,aNomValue
dumpty,b,2,quick,b,-3.3,2001-04-03,42,aValue,12-07-09,aNomValue
sat,r,3,brown,c,-2.4,2001-04-03,42,aValue,12-07-09,aNomValue
on,r,4,fox,d,-5.3,2001-04-03,42,aValue,12-07-09,aNomValue
a,b,5,jumped,a,-2.6,2001-04-03,42,aValue,12-07-09,aNomValue
wall,r,6,over,b,-7.3,2001-04-04,42,aValue,12-07-09,aNomValue
humpty,r,7,the,c,-2.8,2001-04-04,42,aValue,12-07-09,aNomValue
dumpty,g,8,lazy,d,-9.3,2001-04-04,42,aValue,12-07-09,aNomValue
had,b,9,dog,?,-2,2001-05-04,42,aValue,12-07-09,aNomValue
a,r,9.4,?,?,-9,2001-05-04,42,aValue,12-07-09,aNomValue
great,r,1.4,the,a,-8.3,2001-05-05,42,aValue,12-07-09,aNomValue
fall,b,2.3,quick,b,-7.3,2001-05-05,42,aValue,12-07-09,aNomValue
all,r,3.3,brown,c,?,2001-05-05,42,aValue,12-07-09,aNomValue
the,r,4.3,fox,d,-5.3,2001-05-05,42,aValue,12-07-09,aNomValue
kings,g,5.3,jumped,?,-5.6,2001-05-06,42,aValue,12-07-09,aNomValue
horses,b,6.5,over,b,-4.3,2001-05-06,42,aValue,12-07-09,aNomValue
and,r,7.5,the,c,-3.8,2001-06-06,42,aValue,12-07-09,aNomValue
all,r,8.5,lazy,d,-2.3,2001-06-06,42,aValue,12-07-09,aNomValue
the,r,9.4,?,a,-1,2001-06-07,42,aValue,12-07-09,aNomValue
{0 wall,2 4.3,4 d,7 42,9 12-07-09}
{1 b,3 lazy,5 3.4,7 42,9 12-07-09}
