@relation Testdata-weka.filters.unsupervised.attribute.MultiInstanceToPropositional-A3

@attribute Nominal1 {att1val1,att1val2}
@attribute bagAtt_Nominal1 {att1val1,att1val2}
@attribute Class {class1,class2}

@data
att1val1,att1val2,class1
att1val1,att1val1,class1
att1val1,att1val1,class1
att1val1,att1val2,class1
att1val1,att1val2,class1
att1val1,att1val1,class1
att1val1,att1val2,class1
att1val1,att1val1,class1
att1val1,att1val2,class1
att1val1,att1val2,class1
att1val2,att1val2,class2
att1val2,att1val2,class2
att1val2,att1val2,class2
att1val2,att1val1,class2
att1val2,att1val2,class2
att1val2,att1val2,class2
att1val2,att1val2,class2
att1val2,att1val1,class2
att1val2,att1val2,class2
att1val2,att1val1,class2
att1val1,att1val2,class1
att1val1,att1val2,class1
att1val1,att1val2,class1
att1val1,att1val2,class1
att1val1,att1val2,class1
att1val1,att1val1,class1
att1val1,att1val2,class1
att1val1,att1val1,class1
att1val1,att1val2,class1
att1val1,att1val1,class1
att1val1,att1val2,class1
att1val1,att1val1,class1
att1val1,att1val2,class1
att1val1,att1val2,class1
att1val1,att1val2,class1
att1val1,att1val1,class1
att1val1,att1val1,class1
att1val1,att1val1,class1
att1val1,att1val2,class1
att1val1,att1val1,class1
att1val2,att1val1,class2
att1val2,att1val2,class2
att1val2,att1val1,class2
att1val2,att1val2,class2
att1val2,att1val2,class2
att1val2,att1val2,class2
att1val2,att1val1,class2
att1val2,att1val1,class2
att1val2,att1val1,class2
att1val2,att1val1,class2
att1val1,att1val2,class1
att1val1,att1val1,class1
att1val1,att1val2,class1
att1val1,att1val1,class1
att1val1,att1val1,class1
att1val1,att1val1,class1
att1val1,att1val2,class1
att1val1,att1val2,class1
att1val1,att1val2,class1
att1val1,att1val1,class1
att1val1,att1val1,class1
att1val1,att1val1,class1
att1val1,att1val1,class1
att1val1,att1val2,class1
att1val1,att1val2,class1
att1val1,att1val2,class1
att1val1,att1val1,class1
att1val1,att1val1,class1
att1val1,att1val2,class1
att1val1,att1val1,class1
att1val1,att1val1,class1
att1val1,att1val2,class1
att1val1,att1val2,class1
att1val1,att1val1,class1
att1val1,att1val2,class1
att1val1,att1val2,class1
att1val1,att1val1,class1
att1val1,att1val2,class1
att1val1,att1val2,class1
att1val1,att1val2,class1
att1val2,att1val2,class2
att1val2,att1val1,class2
att1val2,att1val2,class2
att1val2,att1val1,class2
att1val2,att1val1,class2
att1val2,att1val2,class2
att1val2,att1val2,class2
att1val2,att1val2,class2
att1val2,att1val1,class2
att1val2,att1val1,class2
att1val2,att1val2,class2
att1val2,att1val1,class2
att1val2,att1val1,class2
att1val2,att1val2,class2
att1val2,att1val1,class2
att1val2,att1val2,class2
att1val2,att1val2,class2
att1val2,att1val2,class2
att1val2,att1val1,class2
att1val2,att1val2,class2
att1val1,att1val1,class1
att1val1,att1val1,class1
att1val1,att1val2,class1
att1val1,att1val1,class1
att1val1,att1val1,class1
att1val1,att1val1,class1
att1val1,att1val2,class1
att1val1,att1val1,class1
att1val1,att1val2,class1
att1val1,att1val1,class1
att1val1,att1val1,class1
att1val1,att1val2,class1
att1val1,att1val1,class1
att1val1,att1val1,class1
att1val1,att1val1,class1
att1val1,att1val2,class1
att1val1,att1val1,class1
att1val1,att1val2,class1
att1val1,att1val2,class1
att1val1,att1val2,class1
att1val2,att1val1,class2
att1val2,att1val2,class2
att1val2,att1val2,class2
att1val2,att1val1,class2
att1val2,att1val1,class2
att1val2,att1val2,class2
att1val2,att1val2,class2
att1val2,att1val2,class2
att1val2,att1val1,class2
att1val2,att1val1,class2
att1val1,att1val1,class1
att1val1,att1val2,class1
att1val1,att1val1,class1
att1val1,att1val1,class1
att1val1,att1val2,class1
att1val1,att1val2,class1
att1val1,att1val1,class1
att1val1,att1val2,class1
att1val1,att1val2,class1
att1val1,att1val1,class1
att1val1,att1val1,class1
att1val1,att1val1,class1
att1val1,att1val2,class1
att1val1,att1val1,class1
att1val1,att1val1,class1
att1val1,att1val2,class1
att1val1,att1val2,class1
att1val1,att1val2,class1
att1val1,att1val1,class1
att1val1,att1val1,class1
att1val2,att1val1,class2
att1val2,att1val1,class2
att1val2,att1val2,class2
att1val2,att1val1,class2
att1val2,att1val1,class2
att1val2,att1val1,class2
att1val2,att1val1,class2
att1val2,att1val2,class2
att1val2,att1val1,class2
att1val2,att1val1,class2
att1val2,att1val1,class2
att1val2,att1val2,class2
att1val2,att1val2,class2
att1val2,att1val1,class2
att1val2,att1val1,class2
att1val2,att1val1,class2
att1val2,att1val1,class2
att1val2,att1val1,class2
att1val2,att1val2,class2
att1val2,att1val2,class2
att1val1,att1val2,class1
att1val1,att1val1,class1
att1val1,att1val2,class1
att1val1,att1val2,class1
att1val1,att1val2,class1
att1val1,att1val1,class1
att1val1,att1val2,class1
att1val1,att1val1,class1
att1val1,att1val1,class1
att1val1,att1val2,class1
att1val2,att1val1,class2
att1val2,att1val1,class2
att1val2,att1val1,class2
att1val2,att1val1,class2
att1val2,att1val2,class2
att1val2,att1val2,class2
att1val2,att1val1,class2
att1val2,att1val2,class2
att1val2,att1val1,class2
att1val2,att1val2,class2
att1val2,att1val1,class2
att1val2,att1val2,class2
att1val2,att1val1,class2
att1val2,att1val2,class2
att1val2,att1val2,class2
att1val2,att1val1,class2
att1val2,att1val2,class2
att1val2,att1val2,class2
att1val2,att1val1,class2
att1val2,att1val1,class2
