192 tokens
Humpty Dumpty was
Dumpty was sitting
was sitting with
sitting with his
with his legs
his legs crossed
legs crossed like
crossed like a
like a Turk
a Turk on
Turk on the
on the top
the top of
top of a
of a high
a high wall
high wall --
wall -- such
-- such a
such a narrow
a narrow one
narrow one that
one that Alice
that Alice quite
Alice quite wondered
quite wondered how
wondered how he
how he could
he could keep
could keep his
keep his balance
his balance --
balance -- and
-- and as
and as his
as his eyes
his eyes were
eyes were steadily
were steadily fixed
steadily fixed in
fixed in the
in the opposite
the opposite direction
opposite direction and
direction and he
and he didn
he didn t
didn t take
t take the
take the least
the least notice
least notice of
notice of her
of her she
her she thought
she thought he
thought he must
he must be
must be a
be a stuffed
a stuffed figure
stuffed figure after
figure after all
Humpty Dumpty
Dumpty was
was sitting
sitting with
with his
his legs
legs crossed
crossed like
like a
a Turk
Turk on
on the
the top
top of
of a
a high
high wall
wall --
-- such
such a
a narrow
narrow one
one that
that Alice
Alice quite
quite wondered
wondered how
how he
he could
could keep
keep his
his balance
balance --
-- and
and as
as his
his eyes
eyes were
were steadily
steadily fixed
fixed in
in the
the opposite
opposite direction
direction and
and he
he didn
didn t
t take
take the
the least
least notice
notice of
of her
her she
she thought
thought he
he must
must be
be a
a stuffed
stuffed figure
figure after
after all
Humpty
Dumpty
was
sitting
with
his
legs
crossed
like
a
Turk
on
the
top
of
a
high
wall
--
such
a
narrow
one
that
Alice
quite
wondered
how
he
could
keep
his
balance
--
and
as
his
eyes
were
steadily
fixed
in
the
opposite
direction
and
he
didn
t
take
the
least
notice
of
her
she
thought
he
must
be
a
stuffed
figure
after
all

120 tokens
The planet Mars
planet Mars I
Mars I scarcely
I scarcely need
scarcely need remind
need remind the
remind the reader
the reader revolves
reader revolves about
revolves about the
about the sun
the sun at
sun at a
at a mean
a mean distance
mean distance of
distance of 140
of 140 000
140 000 000
000 000 miles
000 miles and
miles and the
and the light
the light and
light and heat
and heat it
heat it receives
it receives from
receives from the
from the sun
the sun is
sun is barely
is barely half
barely half of
half of that
of that received
that received by
received by this
by this world
The planet
planet Mars
Mars I
I scarcely
scarcely need
need remind
remind the
the reader
reader revolves
revolves about
about the
the sun
sun at
at a
a mean
mean distance
distance of
of 140
140 000
000 000
000 miles
miles and
and the
the light
light and
and heat
heat it
it receives
receives from
from the
the sun
sun is
is barely
barely half
half of
of that
that received
received by
by this
this world
The
planet
Mars
I
scarcely
need
remind
the
reader
revolves
about
the
sun
at
a
mean
distance
of
140
000
000
miles
and
the
light
and
heat
it
receives
from
the
sun
is
barely
half
of
that
received
by
this
world

99 tokens
I ve studied
ve studied now
studied now Philosophy
now Philosophy And
Philosophy And Jurisprudence
And Jurisprudence Medicine
Jurisprudence Medicine And
Medicine And even
And even alas
even alas Theology
alas Theology All
Theology All through
All through and
through and through
and through with
through with ardour
with ardour keen
ardour keen Here
keen Here now
Here now I
now I stand
I stand poor
stand poor fool
poor fool and
fool and see
and see I
see I m
I m just
m just as
just as wise
as wise as
wise as formerly
I ve
ve studied
studied now
now Philosophy
Philosophy And
And Jurisprudence
Jurisprudence Medicine
Medicine And
And even
even alas
alas Theology
Theology All
All through
through and
and through
through with
with ardour
ardour keen
keen Here
Here now
now I
I stand
stand poor
poor fool
fool and
and see
see I
I m
m just
just as
as wise
wise as
as formerly
I
ve
studied
now
Philosophy
And
Jurisprudence
Medicine
And
even
alas
Theology
All
through
and
through
with
ardour
keen
Here
now
I
stand
poor
fool
and
see
I
m
just
as
wise
as
formerly

