1: java.lang.Exception
2: java.lang.Exception
3: java.lang.Exception
4: java.lang.Exception
5: java.lang.Exception
6: java.lang.Exception
7: java.lang.Exception
8: java.lang.Exception
9: java.lang.Exception
10: java.lang.Exception
11: java.lang.Exception
12: java.lang.Exception
13: java.lang.Exception
14: java.lang.Exception
15: java.lang.Exception
16: java.lang.Exception
17: java.lang.Exception
18: java.lang.Exception
19: java.lang.Exception
20: java.lang.Exception
