
Hot Spot
========
Total population: 20 instances
Target attribute: Numeric1
Target average in total population: 2.008
Minimum segment size: 7 instances (33% of total population)
Maximum branching factor: 2
Maximum rule length: unbounded
Minimum improvement in target: 1%

Numeric1 (2.0075)
  Nominal2 = att2val1 (2.0723 [19])

